

Fri May  3 13:41:11 2019
Command line: TestDisk

TestDisk 7.0, Data Recovery Utility, April 2015
Christophe GRENIER <grenier@cgsecurity.org>
http://www.cgsecurity.org
OS: Linux, kernel 4.10.0-38-generic (#42~16.04.1-Ubuntu SMP Tue Oct 10 16:32:20 UTC 2017) x86_64
Compiler: GCC 5.3
ext2fs lib: 1.42.13, ntfs lib: libntfs-3g, reiserfs lib: none, ewf lib: none, curses lib: ncurses 6.0
/dev/sda: LBA, HPA, LBA48, DCO support
/dev/sda: size       1953525168 sectors
/dev/sda: user_max   1953525168 sectors
/dev/sda: native_max 1953525168 sectors
Warning: can't get size for Disk /dev/mapper/control - 0 B - 0 sectors, sector size=512
Hard disk list
Disk /dev/sda - 1000 GB / 931 GiB - CHS 121601 255 63, sector size=512 - TOSHIBA DT01ACA100, S/N:95M3GV5NS, FW:MS2OA750

Partition table type (auto): EFI GPT
Disk /dev/sda - 1000 GB / 931 GiB - TOSHIBA DT01ACA100
Partition table type: EFI GPT

Interface Advanced
hdr_size=92
hdr_lba_self=1
hdr_lba_alt=1953525167 (expected 1953525167)
hdr_lba_start=34
hdr_lba_end=1953525134
hdr_lba_table=2
hdr_entries=128
hdr_entsz=128
 1 P EFI System                  2048    1050623    1048576 [EFI System Partition]
 2 P Unknown                  1050624 1936838655 1935788032
 3 P Linux Swap            1936838656 1953523711   16685056
New options :
 Dump : No
 Align partition: Yes
 Expert mode : No
SIGINT detected! TestDisk has been killed.
